// Jest Snapshot v1, https://goo.gl/fbAQLP

exports[`PlayerNameInput.vue component renders and matches snapshot 1`] = `<div class="player-name-input-div"><input placeholder="player name..." class="player-name-input"></div>`;
